exports[`trx-generator processes the results correctly 1`] = `
"<?xml version=\"1.0\" encoding=\"UTF-8\"?>
<TestRun id=\"a4495492-7559-4db1-99a7-3baae89b77cf\" name=\"homod99@N099A0248 1970-01-18T02:46:11.929Z\" runUser=\"homod99\" xmlns=\"http://microsoft.com/schemas/VisualStudio/TeamTest/2010\">
  <TestSettings name=\"Jest test run\" id=\"1d058708-9b4e-4e0b-99b4-215d10822b02\"/>
  <Times creation=\"1970-01-18T02:46:11.929Z\" queuing=\"1970-01-18T02:46:11.929Z\" start=\"1970-01-18T02:46:11.929Z\"/>
  <ResultSummary outcome=\"Passed\">
    <Counters total=\"2\" executed=\"2\" passed=\"1\" failed=\"1\" error=\"0\"/>
  </ResultSummary>
  <TestDefinitions>
    <UnitTest name=\"foo\'s / bar method / works well\" id=\"cf3350a3-a0a6-4933-b624-1dec8ef8e6dd\">
      <Execution id=\"53fb66f0-4c05-4543-9081-da44e373cd99\"/>
      <TestMethod codeBase=\"Jest_foo\'s / bar method / works well\" name=\"foo\'s / bar method / works well\" className=\"foo\'s\"/>
    </UnitTest>
    <UnitTest name=\"foo\'s / bar method / works not so well\" id=\"7c2de6d3-2109-4116-94bf-2ea328b2b02a\">
      <Execution id=\"1e5fa663-c66c-470d-982e-69f26ee500be\"/>
      <TestMethod codeBase=\"Jest_foo\'s / bar method / works not so well\" name=\"foo\'s / bar method / works not so well\" className=\"foo\'s\"/>
    </UnitTest>
  </TestDefinitions>
  <TestLists>
    <TestList name=\"Results Not in a List\" id=\"8c84fa94-04c1-424b-9868-57a2d4851a1d\"/>
    <TestList name=\"All Loaded Results\" id=\"19431567-8539-422a-85d7-44ee4e166bda\"/>
  </TestLists>
  <TestEntries>
    <TestEntry testId=\"cf3350a3-a0a6-4933-b624-1dec8ef8e6dd\" executionId=\"53fb66f0-4c05-4543-9081-da44e373cd99\" testListId=\"8c84fa94-04c1-424b-9868-57a2d4851a1d\"/>
    <TestEntry testId=\"7c2de6d3-2109-4116-94bf-2ea328b2b02a\" executionId=\"1e5fa663-c66c-470d-982e-69f26ee500be\" testListId=\"8c84fa94-04c1-424b-9868-57a2d4851a1d\"/>
  </TestEntries>
  <Results>
    <UnitTestResult testId=\"cf3350a3-a0a6-4933-b624-1dec8ef8e6dd\" executionId=\"53fb66f0-4c05-4543-9081-da44e373cd99\" testName=\"foo\'s / bar method / works well\" computerName=\"N099A0248\" duration=\"00:00:03.500\" startTime=\"1970-01-18T02:46:11.929Z\" endTime=\"1970-01-18T02:46:15.429Z\" testType=\"13cdc9d9-ddb5-4fa4-a97d-d965ccfc6d4b\" outcome=\"Passed\" testListId=\"8c84fa94-04c1-424b-9868-57a2d4851a1d\"/>
    <UnitTestResult testId=\"7c2de6d3-2109-4116-94bf-2ea328b2b02a\" executionId=\"1e5fa663-c66c-470d-982e-69f26ee500be\" testName=\"foo\'s / bar method / works not so well\" computerName=\"N099A0248\" duration=\"00:00:03.500\" startTime=\"1970-01-18T02:46:15.429Z\" endTime=\"1970-01-18T02:46:18.929Z\" testType=\"13cdc9d9-ddb5-4fa4-a97d-d965ccfc6d4b\" outcome=\"Failed\" testListId=\"8c84fa94-04c1-424b-9868-57a2d4851a1d\">
      <Output>
        <ErrorInfo>
          <Message>This did not go as planned</Message>
        </ErrorInfo>
      </Output>
    </UnitTestResult>
  </Results>
</TestRun>"
`;
